#
# There is insufficient memory for the Java Runtime Environment to continue.
# Native memory allocation (mmap) failed to map 134217728 bytes. Error detail: G1 virtual space
# Possible reasons:
#   The system is out of physical RAM or swap space
#   This process is running with CompressedOops enabled, and the Java Heap may be blocking the growth of the native heap
# Possible solutions:
#   Reduce memory load on the system
#   Increase physical memory or swap space
#   Check if swap backing store is full
#   Decrease Java heap size (-Xmx/-Xms)
#   Decrease number of Java threads
#   Decrease Java thread stack sizes (-Xss)
#   Set larger code cache with -XX:ReservedCodeCacheSize=
#   JVM is running with Unscaled Compressed Oops mode in which the Java heap is
#     placed in the first 4GB address space. The Java Heap base address is the
#     maximum limit for the native heap growth. Please use -XX:HeapBaseMinAddress
#     to set the Java Heap base and to place the Java Heap above 4GB virtual address.
# This output file may be truncated or incomplete.
#
#  Out of Memory Error (os_windows.cpp:3554), pid=4956, tid=13544
#
# JRE version:  (25.0+37) (build )
# Java VM: Java HotSpot(TM) 64-Bit Server VM (25+37-LTS-3491, mixed mode, sharing, tiered, compressed oops, compressed class ptrs, g1 gc, windows-amd64)
# No core dump will be written. Minidumps are not enabled by default on client versions of Windows
#

---------------  S U M M A R Y ------------

Command Line: -Dnet.bytebuddy.agent.attacher.dump= net.bytebuddy.agent.Attacher com.sun.tools.attach.VirtualMachine 19368 C:\Users\Dells\.m2\repository\net\bytebuddy\byte-buddy-agent\1.15.11\byte-buddy-agent-1.15.11.jar false 

Host: Intel(R) Core(TM) i5-7300U CPU @ 2.60GHz, 4 cores, 7G,  Windows 11 , 64 bit Build 22621 (10.0.22621.5415)
Time: Wed May  6 01:58:00 2026 elapsed time: 0.032482 seconds (0d 0h 0m 0s)

---------------  T H R E A D  ---------------

Current thread (0x0000024a119ed9c0):  JavaThread "Unknown thread" [_thread_in_vm, id=13544, stack(0x000000e6b5300000,0x000000e6b5400000) (1024K)]

Stack: [0x000000e6b5300000,0x000000e6b5400000]
Native frames: (J=compiled Java code, j=interpreted, Vv=VM code, C=native code)
V  [jvm.dll+0x7a6a39]  (no source info available)
V  [jvm.dll+0x7727ed]  (no source info available)
V  [jvm.dll+0x965f33]  (no source info available)
V  [jvm.dll+0x968531]  (no source info available)
V  [jvm.dll+0x968c33]  (no source info available)
V  [jvm.dll+0x2fc756]  (no source info available)
V  [jvm.dll+0x7a2c65]  (no source info available)
V  [jvm.dll+0x796077]  (no source info available)
V  [jvm.dll+0x3f4698]  (no source info available)
V  [jvm.dll+0x3fc5b6]  (no source info available)
V  [jvm.dll+0x3e8c8e]  (no source info available)
V  [jvm.dll+0x3e8f48]  (no source info available)
V  [jvm.dll+0x3c0045]  (no source info available)
V  [jvm.dll+0x3c0cce]  (no source info available)
V  [jvm.dll+0x92c647]  (no source info available)
V  [jvm.dll+0x458b62]  (no source info available)
V  [jvm.dll+0x90fff2]  (no source info available)
V  [jvm.dll+0x4f9001]  (no source info available)
V  [jvm.dll+0x4fa891]  (no source info available)
C  [jli.dll+0x543e]  (no source info available)
C  [ucrtbase.dll+0x29333]  (no source info available)
C  [KERNEL32.DLL+0x1259d]  (no source info available)
C  [ntdll.dll+0x5af78]  (no source info available)

Lock stack of current Java thread (top to bottom):


---------------  P R O C E S S  ---------------

Threads class SMR info:
_java_thread_list=0x00007ff994995308, length=0, elements={
}

Java Threads: ( => current thread )
Total: 0

Other Threads:
  0x0000024a11c561f0 WorkerThread "GC Thread#0"                     [id=9768, stack(0x000000e6b5400000,0x000000e6b5500000) (1024K)]
  0x0000024a11c6ed80 ConcurrentGCThread "G1 Main Marker"            [id=8844, stack(0x000000e6b5500000,0x000000e6b5600000) (1024K)]
  0x0000024a11c6f920 WorkerThread "G1 Conc#0"                       [id=3744, stack(0x000000e6b5600000,0x000000e6b5700000) (1024K)]

[error occurred during error reporting (printing all threads), id 0xc0000005, EXCEPTION_ACCESS_VIOLATION (0xc0000005) at pc=0x00007ff994074c2a]
VM state: not at safepoint (not fully initialized)

VM Mutex/Monitor currently owned by a thread:  ([mutex/lock_event])
[0x00007ff994a19628] Heap_lock - owner thread: 0x0000024a119ed9c0

Heap address: 0x0000000081c00000, size: 2020 MB, Compressed Oops mode: 32-bit

CDS archive(s) mapped at: [0x0000000000000000-0x0000000000000000-0x0000000000000000), size 0, SharedBaseAddress: 0x0000000800000000, ArchiveRelocationMode: 1.
UseCompressedClassPointers 1, UseCompactObjectHeaders 0
Narrow klass pointer bits 32, Max shift 3
Narrow klass base: 0xffffffffffffffff, Narrow klass shift: -1
Encoding Range: [0xffffffffffffffff - 0x000000007fffffff), (2147483648 bytes)
Klass Range:    [0x0000000000000000 - 0x0000000000000000), (0 bytes)
Klass ID Range:  [4294967295 - 0) (1)
No protection zone.

GC Precious Log:
 CardTable entry size: 512
 Card Set container configuration: InlinePtr #cards 5 size 8 Array Of Cards #cards 10 size 36 Howl #buckets 4 coarsen threshold 1843 Howl Bitmap #cards 512 size 80 coarsen threshold 460 Card regions per heap region 1 cards per card region 2048

Heap:
 garbage-first heap   total reserved 2068480K, committed 0K, used 0K [0x0000000081c00000, 0x0000000100000000)
  region size 1024K, 0 young (0K), 0 survivors (0K)

Heap Regions: E=young(eden), S=young(survivor), O=old, HS=humongous(starts), HC=humongous(continues), CS=collection set, F=free, TAMS=top-at-mark-start, PB=parsable bottom

Card table byte_map: [0x0000024a2b7d0000,0x0000024a2bbd0000] _byte_map_base: 0x0000024a2b3c2000

Marking Bits: (CMBitMap*) 0x0000024a11c56980
 Bits: [0x0000024a2bbd0000, 0x0000024a2db60000)

GC Heap Usage History (0 events):
No events

Metaspace Usage History (0 events):
No events

Dll operation events (1 events):
Event: 0.021 Loaded shared library C:\Program Files\Java\jdk-25\bin\java.dll

Deoptimization events (0 events):
No events

Classes loaded (0 events):
No events

Classes unloaded (0 events):
No events

Classes redefined (0 events):
No events

Internal exceptions (0 events):
No events

VM Operations (0 events):
No events

Memory protections (0 events):
No events

Nmethod flushes (0 events):
No events

Events (0 events):
No events


Dynamic libraries:
0x00007ff70ebb0000 - 0x00007ff70ebc0000 	C:\Program Files\Java\jdk-25\bin\java.exe
0x00007ffa505b0000 - 0x00007ffa507c8000 	C:\WINDOWS\SYSTEM32\ntdll.dll
0x00007ffa4f1a0000 - 0x00007ffa4f264000 	C:\WINDOWS\System32\KERNEL32.DLL
0x00007ffa4de70000 - 0x00007ffa4e243000 	C:\WINDOWS\System32\KERNELBASE.dll
0x00007ffa4d8b0000 - 0x00007ffa4d9c1000 	C:\WINDOWS\System32\ucrtbase.dll
0x00007ffa26690000 - 0x00007ffa266ae000 	C:\Program Files\Java\jdk-25\bin\VCRUNTIME140.dll
0x00007ffa266b0000 - 0x00007ffa266c7000 	C:\Program Files\Java\jdk-25\bin\jli.dll
0x00007ffa4fc70000 - 0x00007ffa4fe22000 	C:\WINDOWS\System32\USER32.dll
0x00007ffa4d880000 - 0x00007ffa4d8a6000 	C:\WINDOWS\System32\win32u.dll
0x00007ffa4f170000 - 0x00007ffa4f199000 	C:\WINDOWS\System32\GDI32.dll
0x00007ffa4db10000 - 0x00007ffa4dc2b000 	C:\WINDOWS\System32\gdi32full.dll
0x00007ffa4dc60000 - 0x00007ffa4dcfa000 	C:\WINDOWS\System32\msvcp_win.dll
0x00007ffa3a770000 - 0x00007ffa3aa0c000 	C:\WINDOWS\WinSxS\amd64_microsoft.windows.common-controls_6595b64144ccf1df_6.0.22621.6060_none_2712eda17382d24b\COMCTL32.dll
0x00007ffa50350000 - 0x00007ffa503f7000 	C:\WINDOWS\System32\msvcrt.dll
0x00007ffa4e310000 - 0x00007ffa4e341000 	C:\WINDOWS\System32\IMM32.DLL
0x00007ffa27160000 - 0x00007ffa2716c000 	C:\Program Files\Java\jdk-25\bin\vcruntime140_1.dll
0x00007ffa26600000 - 0x00007ffa2668d000 	C:\Program Files\Java\jdk-25\bin\msvcp140.dll
0x00007ff993ca0000 - 0x00007ff994aff000 	C:\Program Files\Java\jdk-25\bin\server\jvm.dll
0x00007ffa4e3d0000 - 0x00007ffa4e481000 	C:\WINDOWS\System32\ADVAPI32.dll
0x00007ffa502a0000 - 0x00007ffa50348000 	C:\WINDOWS\System32\sechost.dll
0x00007ffa4dc30000 - 0x00007ffa4dc58000 	C:\WINDOWS\System32\bcrypt.dll
0x00007ffa4fe30000 - 0x00007ffa4ff48000 	C:\WINDOWS\System32\RPCRT4.dll
0x00007ffa4e350000 - 0x00007ffa4e3c1000 	C:\WINDOWS\System32\WS2_32.dll
0x00007ffa4d590000 - 0x00007ffa4d5dd000 	C:\WINDOWS\SYSTEM32\POWRPROF.dll
0x00007ffa465a0000 - 0x00007ffa465d4000 	C:\WINDOWS\SYSTEM32\WINMM.dll
0x00007ffa43190000 - 0x00007ffa4319a000 	C:\WINDOWS\SYSTEM32\VERSION.dll
0x00007ffa4d570000 - 0x00007ffa4d583000 	C:\WINDOWS\SYSTEM32\UMPDC.dll
0x00007ffa4c660000 - 0x00007ffa4c678000 	C:\WINDOWS\SYSTEM32\kernel.appcore.dll
0x00007ffa265f0000 - 0x00007ffa265fa000 	C:\Program Files\Java\jdk-25\bin\jimage.dll
0x00007ffa4afd0000 - 0x00007ffa4b203000 	C:\WINDOWS\SYSTEM32\DBGHELP.DLL
0x00007ffa4ec30000 - 0x00007ffa4efc1000 	C:\WINDOWS\System32\combase.dll
0x00007ffa4f040000 - 0x00007ffa4f118000 	C:\WINDOWS\System32\OLEAUT32.dll
0x00007ffa25e60000 - 0x00007ffa25e92000 	C:\WINDOWS\SYSTEM32\dbgcore.DLL
0x00007ffa4d780000 - 0x00007ffa4d7fb000 	C:\WINDOWS\System32\bcryptPrimitives.dll
0x00007ffa265d0000 - 0x00007ffa265ef000 	C:\Program Files\Java\jdk-25\bin\java.dll
0x00007ffa4ff50000 - 0x00007ffa500f1000 	C:\WINDOWS\System32\ole32.dll
0x00007ffa4f3d0000 - 0x00007ffa4fc6c000 	C:\WINDOWS\System32\SHELL32.dll
0x00007ffa4d9d0000 - 0x00007ffa4db0f000 	C:\WINDOWS\System32\wintypes.dll

JVMTI agents: none

dbghelp: loaded successfully - version: 4.0.5 - missing functions: none
symbol engine: initialized successfully - sym options: 0x614 - pdb path: .;C:\Program Files\Java\jdk-25\bin;C:\WINDOWS\SYSTEM32;C:\WINDOWS\WinSxS\amd64_microsoft.windows.common-controls_6595b64144ccf1df_6.0.22621.6060_none_2712eda17382d24b;C:\Program Files\Java\jdk-25\bin\server

VM Arguments:
jvm_args: -Dnet.bytebuddy.agent.attacher.dump= 
java_command: net.bytebuddy.agent.Attacher com.sun.tools.attach.VirtualMachine 19368 C:\Users\Dells\.m2\repository\net\bytebuddy\byte-buddy-agent\1.15.11\byte-buddy-agent-1.15.11.jar false 
java_class_path (initial): C:\Users\Dells\.m2\repository\net\bytebuddy\byte-buddy-agent\1.15.11\byte-buddy-agent-1.15.11.jar
Launcher Type: SUN_STANDARD

[Global flags]
     intx CICompilerCount                          = 3                                         {product} {ergonomic}
     uint ConcGCThreads                            = 1                                         {product} {ergonomic}
     uint G1ConcRefinementThreads                  = 4                                         {product} {ergonomic}
   size_t G1HeapRegionSize                         = 1048576                                   {product} {ergonomic}
   size_t InitialHeapSize                          = 134217728                                 {product} {ergonomic}
   size_t MarkStackSize                            = 4194304                                   {product} {ergonomic}
   size_t MarkStackSizeMax                         = 536870912                                 {product} {ergonomic}
   size_t MaxHeapSize                              = 2118123520                                {product} {ergonomic}
   size_t MinHeapDeltaBytes                        = 1048576                                   {product} {ergonomic}
   size_t MinHeapSize                              = 8388608                                   {product} {ergonomic}
    uintx NonNMethodCodeHeapSize                   = 5832704                                {pd product} {ergonomic}
    uintx NonProfiledCodeHeapSize                  = 122945536                              {pd product} {ergonomic}
    uintx ProfiledCodeHeapSize                     = 122880000                              {pd product} {ergonomic}
    uintx ReservedCodeCacheSize                    = 251658240                              {pd product} {ergonomic}
     bool SegmentedCodeCache                       = true                                      {product} {ergonomic}
   size_t SoftMaxHeapSize                          = 2118123520                             {manageable} {ergonomic}
     bool UseCompressedOops                        = true                           {product lp64_product} {ergonomic}
     bool UseG1GC                                  = true                                      {product} {ergonomic}
     bool UseLargePagesIndividualAllocation        = false                                  {pd product} {ergonomic}

Logging:
Log output configuration:
 #0: stdout all=warning uptime,level,tags foldmultilines=false
 #1: stderr all=off uptime,level,tags foldmultilines=false

Release file:
<release file has not been read>
Environment Variables:
JAVA_HOME=C:\Programmes\Java\jdk-25
PATH=C:/Users/Dells/Videos/spring-tools-for-eclipse-5.0.1.RELEASE-e4.38.0-win32.win32.x86_64/sts-5.0.1.RELEASE//plugins/org.eclipse.justj.openjdk.hotspot.jre.full.win32.x86_64_25.0.1.v20251108-1451/jre/bin/server;C:/Users/Dells/Videos/spring-tools-for-eclipse-5.0.1.RELEASE-e4.38.0-win32.win32.x86_64/sts-5.0.1.RELEASE//plugins/org.eclipse.justj.openjdk.hotspot.jre.full.win32.x86_64_25.0.1.v20251108-1451/jre/bin;C:\oraclexe\app\oracle\product\11.2.0\server\bin;;C:\Program Files\Common Files\Oracle\Java\javapath;C:\WINDOWS\system32;C:\WINDOWS;C:\WINDOWS\System32\Wbem;C:\WINDOWS\System32\WindowsPowerShell\v1.0\;C:\WINDOWS\System32\OpenSSH\;%JAVA_HOME%\bin;C:\xampp\php;C:\Program Files\Git\cmd;C:\ProgramData\ComposerSetup\bin;C:\Program Files\nodejs\;C:\Users\Dells\AppData\Local\Programs\Python\Python311\Scripts\;C:\Users\Dells\AppData\Local\Programs\Python\Python311\;C:\Users\Dells\AppData\Local\Programs\Python\Launcher\;C:\Users\Dells\AppData\Local\Microsoft\WindowsApps;C:\Users\Dells\AppData\Roaming\Composer\vendor\bin;C:\Program Files\nodejs\;C:\Users\Dells\AppData\Local\Programs\Microsoft VS Code\bin;C:\Users\Dells\AppData\Local\Programs\Antigravity\bin;C:\Users\Dells\AppData\Roaming\npm;C:\Users\Dells\AppData\Local\Programs\Python\Python312\Scripts;C:\Users\Dells\AppData\Local\Programs\Python\Python312;C:\Users\Dells\AppData\Local\Programs\Python\Python312\Scripts;;C:\Users\Dells\Videos\spring-tools-for-eclipse-5.0.1.RELEASE-e4.38.0-win32.win32.x86_64\sts-5.0.1.RELEASE;
USERNAME=Dells
OS=Windows_NT
PROCESSOR_IDENTIFIER=Intel64 Family 6 Model 142 Stepping 9, GenuineIntel
TMP=C:\Users\Dells\AppData\Local\Temp
TEMP=C:\Users\Dells\AppData\Local\Temp




Compilation memory statistics disabled.

Periodic native trim disabled

---------------  S Y S T E M  ---------------

OS:
 Windows 11 , 64 bit Build 22621 (10.0.22621.5415)
OS uptime: 0 days 3:51 hours
Hyper-V role detected

CPU: total 4 (initial active 4) (2 cores per cpu, 2 threads per core) family 6 model 142 stepping 9 microcode 0xf6, cx8, cmov, fxsr, ht, mmx, 3dnowpref, sse, sse2, sse3, ssse3, sse4.1, sse4.2, popcnt, lzcnt, tsc, tscinvbit, avx, avx2, aes, erms, clmul, bmi1, bmi2, rtm, adx, fma, vzeroupper, clflush, clflushopt, hv, rdtscp, f16c
Processor Information for the first 4 processors :
  Max Mhz: 2712, Current Mhz: 2611, Mhz Limit: 2603

Memory: 4k page, system-wide physical 8072M (457M free)
TotalPageFile size 20043M (AvailPageFile size 76M)
current process WorkingSet (physical memory assigned to process): 12M, peak: 12M
current process commit charge ("private bytes"): 52M, peak: 180M

vm_info: Java HotSpot(TM) 64-Bit Server VM (25+37-LTS-3491) for windows-amd64 JRE (25+37-LTS-3491), built on 2025-08-14T21:13:00Z with unknown MS VC++:1943

END.
